ARM Linker, 5.03 [Build 76] [MDK-ARM Lite]

==============================================================================

Section Cross References

    startup_tm4c123.o(RESET) refers to startup_tm4c123.o(STACK) for StackMem
    startup_tm4c123.o(RESET) refers to __main.o(!!!main) for __main
    startup_tm4c123.o(.text) refers to startup_tm4c123.o(HEAP) for HeapMem
    startup_tm4c123.o(.text) refers to startup_tm4c123.o(STACK) for StackMem
    __main.o(!!!main) refers to rtentry.o(.ARM.Collect$$rtentry$$00000000) for __rt_entry
    rtentry.o(.ARM.Collect$$rtentry$$00000000) refers (Special) to rtentry2.o(.ARM.Collect$$rtentry$$0000000A) for __rt_entry_li
    rtentry.o(.ARM.Collect$$rtentry$$00000000) refers (Special) to rtentry2.o(.ARM.Collect$$rtentry$$0000000D) for __rt_entry_main
    rtentry.o(.ARM.Collect$$rtentry$$00000000) refers (Special) to rtentry2.o(.ARM.Collect$$rtentry$$0000000C) for __rt_entry_postli_1
    rtentry.o(.ARM.Collect$$rtentry$$00000000) refers (Special) to rtentry2.o(.ARM.Collect$$rtentry$$00000009) for __rt_entry_postsh_1
    rtentry.o(.ARM.Collect$$rtentry$$00000000) refers (Special) to rtentry2.o(.ARM.Collect$$rtentry$$00000002) for __rt_entry_presh_1
    rtentry.o(.ARM.Collect$$rtentry$$00000000) refers (Special) to rtentry4.o(.ARM.Collect$$rtentry$$00000004) for __rt_entry_sh
    rtentry2.o(.ARM.Collect$$rtentry$$00000008) refers to boardinit2.o(.text) for _platform_post_stackheap_init
    rtentry2.o(.ARM.Collect$$rtentry$$0000000A) refers to libinit.o(.ARM.Collect$$libinit$$00000000) for __rt_lib_init
    rtentry2.o(.ARM.Collect$$rtentry$$0000000B) refers to boardinit3.o(.text) for _platform_post_lib_init
    rtentry2.o(.ARM.Collect$$rtentry$$0000000D) refers to lab4.o(.text) for main
    rtentry2.o(.ARM.Collect$$rtentry$$0000000D) refers to exit.o(.text) for exit
    rtentry2.o(.ARM.exidx) refers to rtentry2.o(.ARM.Collect$$rtentry$$00000001) for .ARM.Collect$$rtentry$$00000001
    rtentry2.o(.ARM.exidx) refers to rtentry2.o(.ARM.Collect$$rtentry$$00000008) for .ARM.Collect$$rtentry$$00000008
    rtentry2.o(.ARM.exidx) refers to rtentry2.o(.ARM.Collect$$rtentry$$0000000A) for .ARM.Collect$$rtentry$$0000000A
    rtentry2.o(.ARM.exidx) refers to rtentry2.o(.ARM.Collect$$rtentry$$0000000B) for .ARM.Collect$$rtentry$$0000000B
    rtentry2.o(.ARM.exidx) refers to rtentry2.o(.ARM.Collect$$rtentry$$0000000D) for .ARM.Collect$$rtentry$$0000000D
    rtentry4.o(.ARM.Collect$$rtentry$$00000004) refers to sys_stackheap_outer.o(.text) for __user_setup_stackheap
    rtentry4.o(.ARM.exidx) refers to rtentry4.o(.ARM.Collect$$rtentry$$00000004) for .ARM.Collect$$rtentry$$00000004
    sys_stackheap_outer.o(.text) refers to libspace.o(.text) for __user_perproc_libspace
    sys_stackheap_outer.o(.text) refers to startup_tm4c123.o(.text) for __user_initial_stackheap
    exit.o(.text) refers to rtexit.o(.ARM.Collect$$rtexit$$00000000) for __rt_exit
    libinit.o(.ARM.Collect$$libinit$$00000000) refers (Special) to libinit2.o(.ARM.Collect$$libinit$$0000002C) for __rt_lib_init_alloca_1
    libinit.o(.ARM.Collect$$libinit$$00000000) refers (Special) to libinit2.o(.ARM.Collect$$libinit$$0000002A) for __rt_lib_init_argv_1
    libinit.o(.ARM.Collect$$libinit$$00000000) refers (Special) to libinit2.o(.ARM.Collect$$libinit$$00000019) for __rt_lib_init_atexit_1
    libinit.o(.ARM.Collect$$libinit$$00000000) refers (Special) to libinit2.o(.ARM.Collect$$libinit$$0000001F) for __rt_lib_init_clock_1
    libinit.o(.ARM.Collect$$libinit$$00000000) refers (Special) to libinit2.o(.ARM.Collect$$libinit$$00000030) for __rt_lib_init_cpp_1
    libinit.o(.ARM.Collect$$libinit$$00000000) refers (Special) to libinit2.o(.ARM.Collect$$libinit$$0000002E) for __rt_lib_init_exceptions_1
    libinit.o(.ARM.Collect$$libinit$$00000000) refers (Special) to libinit2.o(.ARM.Collect$$libinit$$00000001) for __rt_lib_init_fp_1
    libinit.o(.ARM.Collect$$libinit$$00000000) refers (Special) to libinit2.o(.ARM.Collect$$libinit$$0000001D) for __rt_lib_init_fp_trap_1
    libinit.o(.ARM.Collect$$libinit$$00000000) refers (Special) to libinit2.o(.ARM.Collect$$libinit$$00000021) for __rt_lib_init_getenv_1
    libinit.o(.ARM.Collect$$libinit$$00000000) refers (Special) to libinit2.o(.ARM.Collect$$libinit$$00000008) for __rt_lib_init_heap_1
    libinit.o(.ARM.Collect$$libinit$$00000000) refers (Special) to libinit2.o(.ARM.Collect$$libinit$$0000000F) for __rt_lib_init_lc_collate_1
    libinit.o(.ARM.Collect$$libinit$$00000000) refers (Special) to libinit2.o(.ARM.Collect$$libinit$$00000011) for __rt_lib_init_lc_ctype_1
    libinit.o(.ARM.Collect$$libinit$$00000000) refers (Special) to libinit2.o(.ARM.Collect$$libinit$$00000013) for __rt_lib_init_lc_monetary_1
    libinit.o(.ARM.Collect$$libinit$$00000000) refers (Special) to libinit2.o(.ARM.Collect$$libinit$$00000015) for __rt_lib_init_lc_numeric_1
    libinit.o(.ARM.Collect$$libinit$$00000000) refers (Special) to libinit2.o(.ARM.Collect$$libinit$$00000017) for __rt_lib_init_lc_time_1
    libinit.o(.ARM.Collect$$libinit$$00000000) refers (Special) to libinit2.o(.ARM.Collect$$libinit$$0000000C) for __rt_lib_init_rand_1
    libinit.o(.ARM.Collect$$libinit$$00000000) refers (Special) to libinit2.o(.ARM.Collect$$libinit$$00000031) for __rt_lib_init_return
    libinit.o(.ARM.Collect$$libinit$$00000000) refers (Special) to libinit2.o(.ARM.Collect$$libinit$$0000001B) for __rt_lib_init_signal_1
    libinit.o(.ARM.Collect$$libinit$$00000000) refers (Special) to libinit2.o(.ARM.Collect$$libinit$$00000023) for __rt_lib_init_stdio_1
    libinit.o(.ARM.Collect$$libinit$$00000000) refers (Special) to libinit2.o(.ARM.Collect$$libinit$$0000000A) for __rt_lib_init_user_alloc_1
    libspace.o(.text) refers to libspace.o(.bss) for __libspace_start
    rtexit.o(.ARM.Collect$$rtexit$$00000000) refers (Special) to rtexit2.o(.ARM.Collect$$rtexit$$00000004) for __rt_exit_exit
    rtexit.o(.ARM.Collect$$rtexit$$00000000) refers (Special) to rtexit2.o(.ARM.Collect$$rtexit$$00000003) for __rt_exit_ls
    rtexit.o(.ARM.Collect$$rtexit$$00000000) refers (Special) to rtexit2.o(.ARM.Collect$$rtexit$$00000002) for __rt_exit_prels_1
    rtexit.o(.ARM.exidx) refers (Special) to rtexit2.o(.ARM.Collect$$rtexit$$00000004) for __rt_exit_exit
    rtexit.o(.ARM.exidx) refers (Special) to rtexit2.o(.ARM.Collect$$rtexit$$00000003) for __rt_exit_ls
    rtexit.o(.ARM.exidx) refers (Special) to rtexit2.o(.ARM.Collect$$rtexit$$00000002) for __rt_exit_prels_1
    rtexit.o(.ARM.exidx) refers to rtexit.o(.ARM.Collect$$rtexit$$00000000) for .ARM.Collect$$rtexit$$00000000
    libinit2.o(.ARM.Collect$$libinit$$00000001) refers to fpinit.o(x$fpl$fpinit) for _fp_init
    libinit2.o(.ARM.Collect$$libinit$$0000000E) refers to libinit2.o(.ARM.Collect$$libinit$$0000000D) for .ARM.Collect$$libinit$$0000000D
    libinit2.o(.ARM.Collect$$libinit$$00000010) refers to libinit2.o(.ARM.Collect$$libinit$$0000000D) for .ARM.Collect$$libinit$$0000000D
    libinit2.o(.ARM.Collect$$libinit$$00000012) refers to libinit2.o(.ARM.Collect$$libinit$$0000000D) for .ARM.Collect$$libinit$$0000000D
    libinit2.o(.ARM.Collect$$libinit$$00000014) refers to libinit2.o(.ARM.Collect$$libinit$$0000000D) for .ARM.Collect$$libinit$$0000000D
    libinit2.o(.ARM.Collect$$libinit$$00000016) refers to libinit2.o(.ARM.Collect$$libinit$$0000000D) for .ARM.Collect$$libinit$$0000000D
    libinit2.o(.ARM.Collect$$libinit$$00000024) refers to argv_veneer.o(.emb_text) for __ARM_argv_veneer
    libinit2.o(.ARM.Collect$$libinit$$00000025) refers to argv_veneer.o(.emb_text) for __ARM_argv_veneer
    rtexit2.o(.ARM.Collect$$rtexit$$00000003) refers to libshutdown.o(.ARM.Collect$$libshutdown$$00000000) for __rt_lib_shutdown
    rtexit2.o(.ARM.Collect$$rtexit$$00000004) refers to sys_exit.o(.text) for _sys_exit
    rtexit2.o(.ARM.exidx) refers to rtexit2.o(.ARM.Collect$$rtexit$$00000001) for .ARM.Collect$$rtexit$$00000001
    rtexit2.o(.ARM.exidx) refers to rtexit2.o(.ARM.Collect$$rtexit$$00000003) for .ARM.Collect$$rtexit$$00000003
    rtexit2.o(.ARM.exidx) refers to rtexit2.o(.ARM.Collect$$rtexit$$00000004) for .ARM.Collect$$rtexit$$00000004
    argv_veneer.o(.emb_text) refers to no_argv.o(.text) for __ARM_get_argv
    sys_exit.o(.text) refers (Special) to use_no_semi.o(.text) for __I$use$semihosting
    sys_exit.o(.text) refers (Special) to indicate_semi.o(.text) for __semihosting_library_function
    _get_argv_nomalloc.o(.text) refers (Special) to hrguard.o(.text) for __heap_region$guard
    _get_argv_nomalloc.o(.text) refers to defsig_rtmem_outer.o(.text) for __rt_SIGRTMEM
    _get_argv_nomalloc.o(.text) refers to sys_command.o(.text) for _sys_command_string
    libshutdown.o(.ARM.Collect$$libshutdown$$00000000) refers (Special) to libshutdown2.o(.ARM.Collect$$libshutdown$$00000006) for __rt_lib_shutdown_fp_trap_1
    libshutdown.o(.ARM.Collect$$libshutdown$$00000000) refers (Special) to libshutdown2.o(.ARM.Collect$$libshutdown$$0000000E) for __rt_lib_shutdown_heap_1
    libshutdown.o(.ARM.Collect$$libshutdown$$00000000) refers (Special) to libshutdown2.o(.ARM.Collect$$libshutdown$$0000000F) for __rt_lib_shutdown_return
    libshutdown.o(.ARM.Collect$$libshutdown$$00000000) refers (Special) to libshutdown2.o(.ARM.Collect$$libshutdown$$00000009) for __rt_lib_shutdown_signal_1
    libshutdown.o(.ARM.Collect$$libshutdown$$00000000) refers (Special) to libshutdown2.o(.ARM.Collect$$libshutdown$$00000003) for __rt_lib_shutdown_stdio_1
    libshutdown.o(.ARM.Collect$$libshutdown$$00000000) refers (Special) to libshutdown2.o(.ARM.Collect$$libshutdown$$0000000B) for __rt_lib_shutdown_user_alloc_1
    sys_command.o(.text) refers (Special) to use_no_semi.o(.text) for __I$use$semihosting
    sys_command.o(.text) refers (Special) to indicate_semi.o(.text) for __semihosting_library_function
    defsig_rtmem_outer.o(.text) refers to defsig_rtmem_inner.o(.text) for __rt_SIGRTMEM_inner
    defsig_rtmem_outer.o(.text) refers to defsig_exit.o(.text) for __sig_exit
    defsig_rtmem_formal.o(.text) refers to rt_raise.o(.text) for __rt_raise
    rt_raise.o(.text) refers to __raise.o(.text) for __raise
    rt_raise.o(.text) refers to sys_exit.o(.text) for _sys_exit
    defsig_exit.o(.text) refers to sys_exit.o(.text) for _sys_exit
    defsig_rtmem_inner.o(.text) refers to defsig_general.o(.text) for __default_signal_display
    __raise.o(.text) refers to defsig.o(CL$$defsig) for __default_signal_handler
    defsig_general.o(.text) refers to sys_wrch.o(.text) for _ttywrch
    sys_wrch.o(.text) refers (Special) to use_no_semi.o(.text) for __I$use$semihosting
    sys_wrch.o(.text) refers (Special) to indicate_semi.o(.text) for __semihosting_library_function
    defsig.o(CL$$defsig) refers to defsig_rtmem_inner.o(.text) for __rt_SIGRTMEM_inner
    defsig_abrt_inner.o(.text) refers to defsig_general.o(.text) for __default_signal_display
    defsig_fpe_inner.o(.text) refers to defsig_general.o(.text) for __default_signal_display
    defsig_rtred_inner.o(.text) refers to defsig_general.o(.text) for __default_signal_display
    defsig_stak_inner.o(.text) refers to defsig_general.o(.text) for __default_signal_display
    defsig_pvfn_inner.o(.text) refers to defsig_general.o(.text) for __default_signal_display
    defsig_cppl_inner.o(.text) refers to defsig_general.o(.text) for __default_signal_display
    defsig_segv_inner.o(.text) refers to defsig_general.o(.text) for __default_signal_display
    defsig_other.o(.text) refers to defsig_general.o(.text) for __default_signal_display


==============================================================================

Image Symbol Table

    Local Symbols

    Symbol Name                              Value     Ov Type        Size  Object(Section)

    RESET                                    0x00000000   Section      660  startup_tm4c123.o(RESET)
    ../clib/angel/boardlib.s                 0x00000000   Number         0  boardinit2.o ABSOLUTE
    ../clib/angel/boardlib.s                 0x00000000   Number         0  boardinit1.o ABSOLUTE
    ../clib/angel/boardlib.s                 0x00000000   Number         0  boardinit3.o ABSOLUTE
    ../clib/angel/boardlib.s                 0x00000000   Number         0  boardshut.o ABSOLUTE
    ../clib/angel/handlers.s                 0x00000000   Number         0  __scatter_zi.o ABSOLUTE
    ../clib/angel/kernel.s                   0x00000000   Number         0  rtexit2.o ABSOLUTE
    ../clib/angel/kernel.s                   0x00000000   Number         0  rtentry.o ABSOLUTE
    ../clib/angel/kernel.s                   0x00000000   Number         0  rtentry4.o ABSOLUTE
    ../clib/angel/kernel.s                   0x00000000   Number         0  rtentry2.o ABSOLUTE
    ../clib/angel/kernel.s                   0x00000000   Number         0  rtexit.o ABSOLUTE
    ../clib/angel/rt.s                       0x00000000   Number         0  rt_raise.o ABSOLUTE
    ../clib/angel/scatter.s                  0x00000000   Number         0  __scatter.o ABSOLUTE
    ../clib/angel/startup.s                  0x00000000   Number         0  __main.o ABSOLUTE
    ../clib/angel/sys.s                      0x00000000   Number         0  indicate_semi.o ABSOLUTE
    ../clib/angel/sys.s                      0x00000000   Number         0  libspace.o ABSOLUTE
    ../clib/angel/sys.s                      0x00000000   Number         0  use_no_semi.o ABSOLUTE
    ../clib/angel/sys.s                      0x00000000   Number         0  sys_stackheap_outer.o ABSOLUTE
    ../clib/angel/sysapp.c                   0x00000000   Number         0  sys_command.o ABSOLUTE
    ../clib/angel/sysapp.c                   0x00000000   Number         0  sys_exit.o ABSOLUTE
    ../clib/angel/sysapp.c                   0x00000000   Number         0  sys_wrch.o ABSOLUTE
    ../clib/armsys.c                         0x00000000   Number         0  argv_veneer.o ABSOLUTE
    ../clib/armsys.c                         0x00000000   Number         0  argv_veneer.o ABSOLUTE
    ../clib/armsys.c                         0x00000000   Number         0  no_argv.o ABSOLUTE
    ../clib/armsys.c                         0x00000000   Number         0  _get_argv_nomalloc.o ABSOLUTE
    ../clib/heapalloc.c                      0x00000000   Number         0  hrguard.o ABSOLUTE
    ../clib/libinit.s                        0x00000000   Number         0  libshutdown2.o ABSOLUTE
    ../clib/libinit.s                        0x00000000   Number         0  libinit2.o ABSOLUTE
    ../clib/libinit.s                        0x00000000   Number         0  libshutdown.o ABSOLUTE
    ../clib/libinit.s                        0x00000000   Number         0  libinit.o ABSOLUTE
    ../clib/signal.c                         0x00000000   Number         0  defsig_other.o ABSOLUTE
    ../clib/signal.c                         0x00000000   Number         0  defsig_rtmem_formal.o ABSOLUTE
    ../clib/signal.c                         0x00000000   Number         0  defsig_segv_inner.o ABSOLUTE
    ../clib/signal.c                         0x00000000   Number         0  defsig_cppl_inner.o ABSOLUTE
    ../clib/signal.c                         0x00000000   Number         0  defsig_general.o ABSOLUTE
    ../clib/signal.c                         0x00000000   Number         0  __raise.o ABSOLUTE
    ../clib/signal.c                         0x00000000   Number         0  defsig_exit.o ABSOLUTE
    ../clib/signal.c                         0x00000000   Number         0  defsig_rtred_inner.o ABSOLUTE
    ../clib/signal.c                         0x00000000   Number         0  defsig_stak_inner.o ABSOLUTE
    ../clib/signal.c                         0x00000000   Number         0  defsig_rtmem_inner.o ABSOLUTE
    ../clib/signal.c                         0x00000000   Number         0  defsig_rtmem_outer.o ABSOLUTE
    ../clib/signal.c                         0x00000000   Number         0  defsig_fpe_inner.o ABSOLUTE
    ../clib/signal.c                         0x00000000   Number         0  defsig_abrt_inner.o ABSOLUTE
    ../clib/signal.c                         0x00000000   Number         0  defsig_pvfn_inner.o ABSOLUTE
    ../clib/signal.s                         0x00000000   Number         0  defsig.o ABSOLUTE
    ../clib/stdlib.c                         0x00000000   Number         0  exit.o ABSOLUTE
    ../fplib/fpinit.s                        0x00000000   Number         0  fpinit.o ABSOLUTE
    dc.s                                     0x00000000   Number         0  dc.o ABSOLUTE
    lab4.c                                   0x00000000   Number         0  lab4.o ABSOLUTE
    startup_TM4C123.s                        0x00000000   Number         0  startup_tm4c123.o ABSOLUTE
    $v0                                      0x0000026c   Number         0  startup_tm4c123.o(RESET)
    !!!main                                  0x00000294   Section        8  __main.o(!!!main)
    !!!scatter                               0x0000029c   Section       52  __scatter.o(!!!scatter)
    !!handler_zi                             0x000002d0   Section       28  __scatter_zi.o(!!handler_zi)
    .ARM.Collect$$libinit$$00000000          0x000002ec   Section        2  libinit.o(.ARM.Collect$$libinit$$00000000)
    .ARM.Collect$$libinit$$00000001          0x000002ee   Section        4  libinit2.o(.ARM.Collect$$libinit$$00000001)
    .ARM.Collect$$libinit$$00000008          0x000002f2   Section        0  libinit2.o(.ARM.Collect$$libinit$$00000008)
    .ARM.Collect$$libinit$$0000000A          0x000002f2   Section        0  libinit2.o(.ARM.Collect$$libinit$$0000000A)
    .ARM.Collect$$libinit$$0000000C          0x000002f2   Section        0  libinit2.o(.ARM.Collect$$libinit$$0000000C)
    .ARM.Collect$$libinit$$0000000F          0x000002f2   Section        0  libinit2.o(.ARM.Collect$$libinit$$0000000F)
    .ARM.Collect$$libinit$$00000011          0x000002f2   Section        0  libinit2.o(.ARM.Collect$$libinit$$00000011)
    .ARM.Collect$$libinit$$00000013          0x000002f2   Section        0  libinit2.o(.ARM.Collect$$libinit$$00000013)
    .ARM.Collect$$libinit$$00000015          0x000002f2   Section        0  libinit2.o(.ARM.Collect$$libinit$$00000015)
    .ARM.Collect$$libinit$$00000017          0x000002f2   Section        0  libinit2.o(.ARM.Collect$$libinit$$00000017)
    .ARM.Collect$$libinit$$00000019          0x000002f2   Section        0  libinit2.o(.ARM.Collect$$libinit$$00000019)
    .ARM.Collect$$libinit$$0000001B          0x000002f2   Section        0  libinit2.o(.ARM.Collect$$libinit$$0000001B)
    .ARM.Collect$$libinit$$0000001D          0x000002f2   Section        0  libinit2.o(.ARM.Collect$$libinit$$0000001D)
    .ARM.Collect$$libinit$$0000001F          0x000002f2   Section        0  libinit2.o(.ARM.Collect$$libinit$$0000001F)
    .ARM.Collect$$libinit$$00000021          0x000002f2   Section        0  libinit2.o(.ARM.Collect$$libinit$$00000021)
    .ARM.Collect$$libinit$$00000023          0x000002f2   Section        0  libinit2.o(.ARM.Collect$$libinit$$00000023)
    .ARM.Collect$$libinit$$0000002A          0x000002f2   Section        0  libinit2.o(.ARM.Collect$$libinit$$0000002A)
    .ARM.Collect$$libinit$$0000002C          0x000002f2   Section        0  libinit2.o(.ARM.Collect$$libinit$$0000002C)
    .ARM.Collect$$libinit$$0000002E          0x000002f2   Section        0  libinit2.o(.ARM.Collect$$libinit$$0000002E)
    .ARM.Collect$$libinit$$00000030          0x000002f2   Section        0  libinit2.o(.ARM.Collect$$libinit$$00000030)
    .ARM.Collect$$libinit$$00000031          0x000002f2   Section        2  libinit2.o(.ARM.Collect$$libinit$$00000031)
    .ARM.Collect$$libshutdown$$00000000      0x000002f4   Section        2  libshutdown.o(.ARM.Collect$$libshutdown$$00000000)
    .ARM.Collect$$libshutdown$$00000003      0x000002f6   Section        0  libshutdown2.o(.ARM.Collect$$libshutdown$$00000003)
    .ARM.Collect$$libshutdown$$00000006      0x000002f6   Section        0  libshutdown2.o(.ARM.Collect$$libshutdown$$00000006)
    .ARM.Collect$$libshutdown$$00000009      0x000002f6   Section        0  libshutdown2.o(.ARM.Collect$$libshutdown$$00000009)
    .ARM.Collect$$libshutdown$$0000000B      0x000002f6   Section        0  libshutdown2.o(.ARM.Collect$$libshutdown$$0000000B)
    .ARM.Collect$$libshutdown$$0000000E      0x000002f6   Section        0  libshutdown2.o(.ARM.Collect$$libshutdown$$0000000E)
    .ARM.Collect$$libshutdown$$0000000F      0x000002f6   Section        2  libshutdown2.o(.ARM.Collect$$libshutdown$$0000000F)
    .ARM.Collect$$rtentry$$00000000          0x000002f8   Section        0  rtentry.o(.ARM.Collect$$rtentry$$00000000)
    .ARM.Collect$$rtentry$$00000002          0x000002f8   Section        0  rtentry2.o(.ARM.Collect$$rtentry$$00000002)
    .ARM.Collect$$rtentry$$00000004          0x000002f8   Section        6  rtentry4.o(.ARM.Collect$$rtentry$$00000004)
    .ARM.Collect$$rtentry$$00000009          0x000002fe   Section        0  rtentry2.o(.ARM.Collect$$rtentry$$00000009)
    .ARM.Collect$$rtentry$$0000000A          0x000002fe   Section        4  rtentry2.o(.ARM.Collect$$rtentry$$0000000A)
    .ARM.Collect$$rtentry$$0000000C          0x00000302   Section        0  rtentry2.o(.ARM.Collect$$rtentry$$0000000C)
    .ARM.Collect$$rtentry$$0000000D          0x00000302   Section        8  rtentry2.o(.ARM.Collect$$rtentry$$0000000D)
    .ARM.Collect$$rtexit$$00000000           0x0000030a   Section        2  rtexit.o(.ARM.Collect$$rtexit$$00000000)
    .ARM.Collect$$rtexit$$00000002           0x0000030c   Section        0  rtexit2.o(.ARM.Collect$$rtexit$$00000002)
    .ARM.Collect$$rtexit$$00000003           0x0000030c   Section        4  rtexit2.o(.ARM.Collect$$rtexit$$00000003)
    .ARM.Collect$$rtexit$$00000004           0x00000310   Section        6  rtexit2.o(.ARM.Collect$$rtexit$$00000004)
    .text                                    0x00000318   Section       48  startup_tm4c123.o(.text)
    $v0                                      0x00000318   Number         0  startup_tm4c123.o(.text)
    .text                                    0x00000348   Section        0  lab4.o(.text)
    .text                                    0x0000041c   Section       74  sys_stackheap_outer.o(.text)
    .text                                    0x00000466   Section        0  exit.o(.text)
    .text                                    0x00000474   Section        8  libspace.o(.text)
    .text                                    0x0000047c   Section        0  sys_exit.o(.text)
    .text                                    0x00000488   Section        2  use_no_semi.o(.text)
    .text                                    0x0000048a   Section        0  indicate_semi.o(.text)
    x$fpl$fpinit                             0x0000048a   Section       10  fpinit.o(x$fpl$fpinit)
    $v0                                      0x0000048a   Number         0  fpinit.o(x$fpl$fpinit)
    .bss                                     0x20000000   Section       96  libspace.o(.bss)
    HEAP                                     0x20000060   Section        0  startup_tm4c123.o(HEAP)
    STACK                                    0x20000060   Section     1024  startup_tm4c123.o(STACK)
    HeapMem                                  0x20000060   Data           0  startup_tm4c123.o(HEAP)
    StackMem                                 0x20000060   Data           0  startup_tm4c123.o(STACK)

    Global Symbols

    Symbol Name                              Value     Ov Type        Size  Object(Section)

    BuildAttributes$$THM_ISAv4$E$P$D$K$B$S$7EM$VFPi3$EXTD16$VFPS$VFMA$PE$A:L22UL41UL21$X:L11$S22US41US21$IEEE1$IW$USESV6$~STKCKD$USESV7$~SHL$OSPACE$ROPI$EBA8$UX$STANDARDLIB$REQ8$PRES8$EABIv2 0x00000000   Number         0  anon$$obj.o ABSOLUTE
    __ARM_use_no_argv                        0x00000000   Number         0  lab4.o ABSOLUTE
    __Vectors                                0x00000000   Data           0  startup_tm4c123.o(RESET)
    __ARM_exceptions_init                     - Undefined Weak Reference
    __alloca_initialize                       - Undefined Weak Reference
    __cpp_initialize__aeabi_                  - Undefined Weak Reference
    __cxa_finalize                            - Undefined Weak Reference
    __rt_locale                               - Undefined Weak Reference
    __sigvec_lookup                           - Undefined Weak Reference
    _atexit_init                              - Undefined Weak Reference
    _call_atexit_fns                          - Undefined Weak Reference
    _clock_init                               - Undefined Weak Reference
    _fp_trap_init                             - Undefined Weak Reference
    _fp_trap_shutdown                         - Undefined Weak Reference
    _get_lc_collate                           - Undefined Weak Reference
    _get_lc_ctype                             - Undefined Weak Reference
    _get_lc_monetary                          - Undefined Weak Reference
    _get_lc_numeric                           - Undefined Weak Reference
    _get_lc_time                              - Undefined Weak Reference
    _getenv_init                              - Undefined Weak Reference
    _handle_redirection                       - Undefined Weak Reference
    _init_alloc                               - Undefined Weak Reference
    _init_user_alloc                          - Undefined Weak Reference
    _initio                                   - Undefined Weak Reference
    _rand_init                                - Undefined Weak Reference
    _signal_finish                            - Undefined Weak Reference
    _signal_init                              - Undefined Weak Reference
    _terminate_alloc                          - Undefined Weak Reference
    _terminate_user_alloc                     - Undefined Weak Reference
    _terminateio                              - Undefined Weak Reference
    Reset_Handler                            0x0000026d   Thumb Code     0  startup_tm4c123.o(RESET)
    NMI_Handler                              0x00000281   Thumb Code     2  startup_tm4c123.o(RESET)
    HardFault_Handler                        0x00000283   Thumb Code     2  startup_tm4c123.o(RESET)
    MemManage_Handler                        0x00000285   Thumb Code     2  startup_tm4c123.o(RESET)
    BusFault_Handler                         0x00000287   Thumb Code     2  startup_tm4c123.o(RESET)
    UsageFault_Handler                       0x00000289   Thumb Code     2  startup_tm4c123.o(RESET)
    SVC_Handler                              0x0000028b   Thumb Code     2  startup_tm4c123.o(RESET)
    DebugMon_Handler                         0x0000028d   Thumb Code     2  startup_tm4c123.o(RESET)
    PendSV_Handler                           0x0000028f   Thumb Code     2  startup_tm4c123.o(RESET)
    SysTick_Handler                          0x00000291   Thumb Code     2  startup_tm4c123.o(RESET)
    ADC0Seq0_Handler                         0x00000293   Thumb Code     0  startup_tm4c123.o(RESET)
    ADC0Seq1_Handler                         0x00000293   Thumb Code     0  startup_tm4c123.o(RESET)
    ADC0Seq2_Handler                         0x00000293   Thumb Code     0  startup_tm4c123.o(RESET)
    ADC0Seq3_Handler                         0x00000293   Thumb Code     0  startup_tm4c123.o(RESET)
    ADC1Seq0_Handler                         0x00000293   Thumb Code     0  startup_tm4c123.o(RESET)
    ADC1Seq1_Handler                         0x00000293   Thumb Code     0  startup_tm4c123.o(RESET)
    ADC1Seq2_Handler                         0x00000293   Thumb Code     0  startup_tm4c123.o(RESET)
    ADC1Seq3_Handler                         0x00000293   Thumb Code     0  startup_tm4c123.o(RESET)
    CAN0_Handler                             0x00000293   Thumb Code     0  startup_tm4c123.o(RESET)
    CAN1_Handler                             0x00000293   Thumb Code     0  startup_tm4c123.o(RESET)
    CAN2_Handler                             0x00000293   Thumb Code     0  startup_tm4c123.o(RESET)
    Comp0_Handler                            0x00000293   Thumb Code     0  startup_tm4c123.o(RESET)
    Comp1_Handler                            0x00000293   Thumb Code     0  startup_tm4c123.o(RESET)
    Comp2_Handler                            0x00000293   Thumb Code     0  startup_tm4c123.o(RESET)
    Ethernet_Handler                         0x00000293   Thumb Code     0  startup_tm4c123.o(RESET)
    ExtBus_Handler                           0x00000293   Thumb Code     0  startup_tm4c123.o(RESET)
    FPU_Handler                              0x00000293   Thumb Code     0  startup_tm4c123.o(RESET)
    Fan0_Handler                             0x00000293   Thumb Code     0  startup_tm4c123.o(RESET)
    FlashCtl_Handler                         0x00000293   Thumb Code     0  startup_tm4c123.o(RESET)
    GPIOPortA_Handler                        0x00000293   Thumb Code     0  startup_tm4c123.o(RESET)
    GPIOPortB_Handler                        0x00000293   Thumb Code     0  startup_tm4c123.o(RESET)
    GPIOPortC_Handler                        0x00000293   Thumb Code     0  startup_tm4c123.o(RESET)
    GPIOPortD_Handler                        0x00000293   Thumb Code     0  startup_tm4c123.o(RESET)
    GPIOPortE_Handler                        0x00000293   Thumb Code     0  startup_tm4c123.o(RESET)
    GPIOPortF_Handler                        0x00000293   Thumb Code     0  startup_tm4c123.o(RESET)
    GPIOPortG_Handler                        0x00000293   Thumb Code     0  startup_tm4c123.o(RESET)
    GPIOPortH_Handler                        0x00000293   Thumb Code     0  startup_tm4c123.o(RESET)
    GPIOPortJ_Handler                        0x00000293   Thumb Code     0  startup_tm4c123.o(RESET)
    GPIOPortK_Handler                        0x00000293   Thumb Code     0  startup_tm4c123.o(RESET)
    GPIOPortL_Handler                        0x00000293   Thumb Code     0  startup_tm4c123.o(RESET)
    GPIOPortM_Handler                        0x00000293   Thumb Code     0  startup_tm4c123.o(RESET)
    GPIOPortN_Handler                        0x00000293   Thumb Code     0  startup_tm4c123.o(RESET)
    GPIOPortP1_Handler                       0x00000293   Thumb Code     0  startup_tm4c123.o(RESET)
    GPIOPortP2_Handler                       0x00000293   Thumb Code     0  startup_tm4c123.o(RESET)
    GPIOPortP3_Handler                       0x00000293   Thumb Code     0  startup_tm4c123.o(RESET)
    GPIOPortP4_Handler                       0x00000293   Thumb Code     0  startup_tm4c123.o(RESET)
    GPIOPortP5_Handler                       0x00000293   Thumb Code     0  startup_tm4c123.o(RESET)
    GPIOPortP6_Handler                       0x00000293   Thumb Code     0  startup_tm4c123.o(RESET)
    GPIOPortP7_Handler                       0x00000293   Thumb Code     0  startup_tm4c123.o(RESET)
    GPIOPortP_Handler                        0x00000293   Thumb Code     0  startup_tm4c123.o(RESET)
    GPIOPortQ1_Handler                       0x00000293   Thumb Code     0  startup_tm4c123.o(RESET)
    GPIOPortQ2_Handler                       0x00000293   Thumb Code     0  startup_tm4c123.o(RESET)
    GPIOPortQ3_Handler                       0x00000293   Thumb Code     0  startup_tm4c123.o(RESET)
    GPIOPortQ4_Handler                       0x00000293   Thumb Code     0  startup_tm4c123.o(RESET)
    GPIOPortQ5_Handler                       0x00000293   Thumb Code     0  startup_tm4c123.o(RESET)
    GPIOPortQ6_Handler                       0x00000293   Thumb Code     0  startup_tm4c123.o(RESET)
    GPIOPortQ7_Handler                       0x00000293   Thumb Code     0  startup_tm4c123.o(RESET)
    GPIOPortQ_Handler                        0x00000293   Thumb Code     0  startup_tm4c123.o(RESET)
    GPIOPortR_Handler                        0x00000293   Thumb Code     0  startup_tm4c123.o(RESET)
    GPIOPortS_Handler                        0x00000293   Thumb Code     0  startup_tm4c123.o(RESET)
    Hibernate_Handler                        0x00000293   Thumb Code     0  startup_tm4c123.o(RESET)
    I2C0_Handler                             0x00000293   Thumb Code     0  startup_tm4c123.o(RESET)
    I2C1_Handler                             0x00000293   Thumb Code     0  startup_tm4c123.o(RESET)
    I2C2_Handler                             0x00000293   Thumb Code     0  startup_tm4c123.o(RESET)
    I2C3_Handler                             0x00000293   Thumb Code     0  startup_tm4c123.o(RESET)
    I2C4_Handler                             0x00000293   Thumb Code     0  startup_tm4c123.o(RESET)
    I2C5_Handler                             0x00000293   Thumb Code     0  startup_tm4c123.o(RESET)
    I2S0_Handler                             0x00000293   Thumb Code     0  startup_tm4c123.o(RESET)
    LPC0_Handler                             0x00000293   Thumb Code     0  startup_tm4c123.o(RESET)
    PECI0_Handler                            0x00000293   Thumb Code     0  startup_tm4c123.o(RESET)
    PWM0Fault_Handler                        0x00000293   Thumb Code     0  startup_tm4c123.o(RESET)
    PWM0Generator0_Handler                   0x00000293   Thumb Code     0  startup_tm4c123.o(RESET)
    PWM0Generator1_Handler                   0x00000293   Thumb Code     0  startup_tm4c123.o(RESET)
    PWM0Generator2_Handler                   0x00000293   Thumb Code     0  startup_tm4c123.o(RESET)
    PWM0Generator3_Handler                   0x00000293   Thumb Code     0  startup_tm4c123.o(RESET)
    PWM1Fault_Handler                        0x00000293   Thumb Code     0  startup_tm4c123.o(RESET)
    PWM1Generator0_Handler                   0x00000293   Thumb Code     0  startup_tm4c123.o(RESET)
    PWM1Generator1_Handler                   0x00000293   Thumb Code     0  startup_tm4c123.o(RESET)
    PWM1Generator2_Handler                   0x00000293   Thumb Code     0  startup_tm4c123.o(RESET)
    PWM1Generator3_Handler                   0x00000293   Thumb Code     0  startup_tm4c123.o(RESET)
    Quadrature0_Handler                      0x00000293   Thumb Code     0  startup_tm4c123.o(RESET)
    Quadrature1_Handler                      0x00000293   Thumb Code     0  startup_tm4c123.o(RESET)
    Quadrature2_Handler                      0x00000293   Thumb Code     0  startup_tm4c123.o(RESET)
    SSI0_Handler                             0x00000293   Thumb Code     0  startup_tm4c123.o(RESET)
    SSI1_Handler                             0x00000293   Thumb Code     0  startup_tm4c123.o(RESET)
    SSI2_Handler                             0x00000293   Thumb Code     0  startup_tm4c123.o(RESET)
    SSI3_Handler                             0x00000293   Thumb Code     0  startup_tm4c123.o(RESET)
    SysCtl_Handler                           0x00000293   Thumb Code     0  startup_tm4c123.o(RESET)
    Timer0A_Handler                          0x00000293   Thumb Code     0  startup_tm4c123.o(RESET)
    Timer0B_Handler                          0x00000293   Thumb Code     0  startup_tm4c123.o(RESET)
    Timer1A_Handler                          0x00000293   Thumb Code     0  startup_tm4c123.o(RESET)
    Timer1B_Handler                          0x00000293   Thumb Code     0  startup_tm4c123.o(RESET)
    Timer2A_Handler                          0x00000293   Thumb Code     0  startup_tm4c123.o(RESET)
    Timer2B_Handler                          0x00000293   Thumb Code     0  startup_tm4c123.o(RESET)
    Timer3A_Handler                          0x00000293   Thumb Code     0  startup_tm4c123.o(RESET)
    Timer3B_Handler                          0x00000293   Thumb Code     0  startup_tm4c123.o(RESET)
    Timer4A_Handler                          0x00000293   Thumb Code     0  startup_tm4c123.o(RESET)
    Timer4B_Handler                          0x00000293   Thumb Code     0  startup_tm4c123.o(RESET)
    Timer5A_Handler                          0x00000293   Thumb Code     0  startup_tm4c123.o(RESET)
    Timer5B_Handler                          0x00000293   Thumb Code     0  startup_tm4c123.o(RESET)
    UART0_Handler                            0x00000293   Thumb Code     0  startup_tm4c123.o(RESET)
    UART1_Handler                            0x00000293   Thumb Code     0  startup_tm4c123.o(RESET)
    UART2_Handler                            0x00000293   Thumb Code     0  startup_tm4c123.o(RESET)
    UART3_Handler                            0x00000293   Thumb Code     0  startup_tm4c123.o(RESET)
    UART4_Handler                            0x00000293   Thumb Code     0  startup_tm4c123.o(RESET)
    UART5_Handler                            0x00000293   Thumb Code     0  startup_tm4c123.o(RESET)
    UART6_Handler                            0x00000293   Thumb Code     0  startup_tm4c123.o(RESET)
    UART7_Handler                            0x00000293   Thumb Code     0  startup_tm4c123.o(RESET)
    USB0_Handler                             0x00000293   Thumb Code     0  startup_tm4c123.o(RESET)
    WDT_Handler                              0x00000293   Thumb Code     0  startup_tm4c123.o(RESET)
    WideTimer0A_Handler                      0x00000293   Thumb Code     0  startup_tm4c123.o(RESET)
    WideTimer0B_Handler                      0x00000293   Thumb Code     0  startup_tm4c123.o(RESET)
    WideTimer1A_Handler                      0x00000293   Thumb Code     0  startup_tm4c123.o(RESET)
    WideTimer1B_Handler                      0x00000293   Thumb Code     0  startup_tm4c123.o(RESET)
    WideTimer2A_Handler                      0x00000293   Thumb Code     0  startup_tm4c123.o(RESET)
    WideTimer2B_Handler                      0x00000293   Thumb Code     0  startup_tm4c123.o(RESET)
    WideTimer3A_Handler                      0x00000293   Thumb Code     0  startup_tm4c123.o(RESET)
    WideTimer3B_Handler                      0x00000293   Thumb Code     0  startup_tm4c123.o(RESET)
    WideTimer4A_Handler                      0x00000293   Thumb Code     0  startup_tm4c123.o(RESET)
    WideTimer4B_Handler                      0x00000293   Thumb Code     0  startup_tm4c123.o(RESET)
    WideTimer5A_Handler                      0x00000293   Thumb Code     0  startup_tm4c123.o(RESET)
    WideTimer5B_Handler                      0x00000293   Thumb Code     0  startup_tm4c123.o(RESET)
    uDMA_Error                               0x00000293   Thumb Code     0  startup_tm4c123.o(RESET)
    uDMA_Handler                             0x00000293   Thumb Code     0  startup_tm4c123.o(RESET)
    __main                                   0x00000295   Thumb Code     8  __main.o(!!!main)
    __scatterload                            0x0000029d   Thumb Code     0  __scatter.o(!!!scatter)
    __scatterload_rt2                        0x0000029d   Thumb Code    44  __scatter.o(!!!scatter)
    __scatterload_rt2_thumb_only             0x0000029d   Thumb Code     0  __scatter.o(!!!scatter)
    __scatterload_null                       0x000002ab   Thumb Code     0  __scatter.o(!!!scatter)
    __scatterload_zeroinit                   0x000002d1   Thumb Code    28  __scatter_zi.o(!!handler_zi)
    __rt_lib_init                            0x000002ed   Thumb Code     0  libinit.o(.ARM.Collect$$libinit$$00000000)
    __rt_lib_init_fp_1                       0x000002ef   Thumb Code     0  libinit2.o(.ARM.Collect$$libinit$$00000001)
    __rt_lib_init_alloca_1                   0x000002f3   Thumb Code     0  libinit2.o(.ARM.Collect$$libinit$$0000002C)
    __rt_lib_init_argv_1                     0x000002f3   Thumb Code     0  libinit2.o(.ARM.Collect$$libinit$$0000002A)
    __rt_lib_init_atexit_1                   0x000002f3   Thumb Code     0  libinit2.o(.ARM.Collect$$libinit$$00000019)
    __rt_lib_init_clock_1                    0x000002f3   Thumb Code     0  libinit2.o(.ARM.Collect$$libinit$$0000001F)
    __rt_lib_init_cpp_1                      0x000002f3   Thumb Code     0  libinit2.o(.ARM.Collect$$libinit$$00000030)
    __rt_lib_init_exceptions_1               0x000002f3   Thumb Code     0  libinit2.o(.ARM.Collect$$libinit$$0000002E)
    __rt_lib_init_fp_trap_1                  0x000002f3   Thumb Code     0  libinit2.o(.ARM.Collect$$libinit$$0000001D)
    __rt_lib_init_getenv_1                   0x000002f3   Thumb Code     0  libinit2.o(.ARM.Collect$$libinit$$00000021)
    __rt_lib_init_heap_1                     0x000002f3   Thumb Code     0  libinit2.o(.ARM.Collect$$libinit$$00000008)
    __rt_lib_init_lc_collate_1               0x000002f3   Thumb Code     0  libinit2.o(.ARM.Collect$$libinit$$0000000F)
    __rt_lib_init_lc_ctype_1                 0x000002f3   Thumb Code     0  libinit2.o(.ARM.Collect$$libinit$$00000011)
    __rt_lib_init_lc_monetary_1              0x000002f3   Thumb Code     0  libinit2.o(.ARM.Collect$$libinit$$00000013)
    __rt_lib_init_lc_numeric_1               0x000002f3   Thumb Code     0  libinit2.o(.ARM.Collect$$libinit$$00000015)
    __rt_lib_init_lc_time_1                  0x000002f3   Thumb Code     0  libinit2.o(.ARM.Collect$$libinit$$00000017)
    __rt_lib_init_rand_1                     0x000002f3   Thumb Code     0  libinit2.o(.ARM.Collect$$libinit$$0000000C)
    __rt_lib_init_return                     0x000002f3   Thumb Code     0  libinit2.o(.ARM.Collect$$libinit$$00000031)
    __rt_lib_init_signal_1                   0x000002f3   Thumb Code     0  libinit2.o(.ARM.Collect$$libinit$$0000001B)
    __rt_lib_init_stdio_1                    0x000002f3   Thumb Code     0  libinit2.o(.ARM.Collect$$libinit$$00000023)
    __rt_lib_init_user_alloc_1               0x000002f3   Thumb Code     0  libinit2.o(.ARM.Collect$$libinit$$0000000A)
    __rt_lib_shutdown                        0x000002f5   Thumb Code     0  libshutdown.o(.ARM.Collect$$libshutdown$$00000000)
    __rt_lib_shutdown_fp_trap_1              0x000002f7   Thumb Code     0  libshutdown2.o(.ARM.Collect$$libshutdown$$00000006)
    __rt_lib_shutdown_heap_1                 0x000002f7   Thumb Code     0  libshutdown2.o(.ARM.Collect$$libshutdown$$0000000E)
    __rt_lib_shutdown_return                 0x000002f7   Thumb Code     0  libshutdown2.o(.ARM.Collect$$libshutdown$$0000000F)
    __rt_lib_shutdown_signal_1               0x000002f7   Thumb Code     0  libshutdown2.o(.ARM.Collect$$libshutdown$$00000009)
    __rt_lib_shutdown_stdio_1                0x000002f7   Thumb Code     0  libshutdown2.o(.ARM.Collect$$libshutdown$$00000003)
    __rt_lib_shutdown_user_alloc_1           0x000002f7   Thumb Code     0  libshutdown2.o(.ARM.Collect$$libshutdown$$0000000B)
    __rt_entry                               0x000002f9   Thumb Code     0  rtentry.o(.ARM.Collect$$rtentry$$00000000)
    __rt_entry_presh_1                       0x000002f9   Thumb Code     0  rtentry2.o(.ARM.Collect$$rtentry$$00000002)
    __rt_entry_sh                            0x000002f9   Thumb Code     0  rtentry4.o(.ARM.Collect$$rtentry$$00000004)
    __rt_entry_li                            0x000002ff   Thumb Code     0  rtentry2.o(.ARM.Collect$$rtentry$$0000000A)
    __rt_entry_postsh_1                      0x000002ff   Thumb Code     0  rtentry2.o(.ARM.Collect$$rtentry$$00000009)
    __rt_entry_main                          0x00000303   Thumb Code     0  rtentry2.o(.ARM.Collect$$rtentry$$0000000D)
    __rt_entry_postli_1                      0x00000303   Thumb Code     0  rtentry2.o(.ARM.Collect$$rtentry$$0000000C)
    __rt_exit                                0x0000030b   Thumb Code     0  rtexit.o(.ARM.Collect$$rtexit$$00000000)
    __rt_exit_ls                             0x0000030d   Thumb Code     0  rtexit2.o(.ARM.Collect$$rtexit$$00000003)
    __rt_exit_prels_1                        0x0000030d   Thumb Code     0  rtexit2.o(.ARM.Collect$$rtexit$$00000002)
    __rt_exit_exit                           0x00000311   Thumb Code     0  rtexit2.o(.ARM.Collect$$rtexit$$00000004)
    DisableInterrupts                        0x00000319   Thumb Code     0  startup_tm4c123.o(.text)
    EnableInterrupts                         0x0000031d   Thumb Code     0  startup_tm4c123.o(.text)
    StartCritical                            0x00000321   Thumb Code     0  startup_tm4c123.o(.text)
    EndCritical                              0x00000329   Thumb Code     0  startup_tm4c123.o(.text)
    WaitForInterrupt                         0x0000032f   Thumb Code     0  startup_tm4c123.o(.text)
    __user_initial_stackheap                 0x00000333   Thumb Code     0  startup_tm4c123.o(.text)
    delayMs                                  0x00000349   Thumb Code    26  lab4.o(.text)
    main                                     0x00000363   Thumb Code   148  lab4.o(.text)
    SystemInit                               0x000003f7   Thumb Code    14  lab4.o(.text)
    __user_setup_stackheap                   0x0000041d   Thumb Code    74  sys_stackheap_outer.o(.text)
    exit                                     0x00000467   Thumb Code    12  exit.o(.text)
    __user_libspace                          0x00000475   Thumb Code     8  libspace.o(.text)
    __user_perproc_libspace                  0x00000475   Thumb Code     0  libspace.o(.text)
    __user_perthread_libspace                0x00000475   Thumb Code     0  libspace.o(.text)
    _sys_exit                                0x0000047d   Thumb Code     8  sys_exit.o(.text)
    __I$use$semihosting                      0x00000489   Thumb Code     0  use_no_semi.o(.text)
    __use_no_semihosting_swi                 0x00000489   Thumb Code     2  use_no_semi.o(.text)
    __semihosting_library_function           0x0000048b   Thumb Code     0  indicate_semi.o(.text)
    _fp_init                                 0x0000048b   Thumb Code    10  fpinit.o(x$fpl$fpinit)
    __fplib_config_fpu_vfp                   0x00000493   Thumb Code     0  fpinit.o(x$fpl$fpinit)
    __fplib_config_pureend_doubles           0x00000493   Thumb Code     0  fpinit.o(x$fpl$fpinit)
    Region$$Table$$Base                      0x00000494   Number         0  anon$$obj.o(Region$$Table)
    Region$$Table$$Limit                     0x000004a4   Number         0  anon$$obj.o(Region$$Table)
    __libspace_start                         0x20000000   Data          96  libspace.o(.bss)
    __temporary_stack_top$libspace           0x20000060   Data           0  libspace.o(.bss)



==============================================================================

Memory Map of the image

  Image Entry point : 0x0000026d

  Load Region LR_1 (Base: 0x00000000, Size: 0x000004a4, Max: 0xffffffff, ABSOLUTE)

    Execution Region ER_RO (Base: 0x00000000, Size: 0x000004a4, Max: 0xffffffff, ABSOLUTE)

    Base Addr    Size         Type   Attr      Idx    E Section Name        Object

    0x00000000   0x00000294   Code   RO            3  * RESET               startup_tm4c123.o
    0x00000294   0x00000008   Code   RO           27  * !!!main             c_w.l(__main.o)
    0x0000029c   0x00000034   Code   RO          181    !!!scatter          c_w.l(__scatter.o)
    0x000002d0   0x0000001c   Code   RO          183    !!handler_zi        c_w.l(__scatter_zi.o)
    0x000002ec   0x00000002   Code   RO           54    .ARM.Collect$$libinit$$00000000  c_w.l(libinit.o)
    0x000002ee   0x00000004   Code   RO           60    .ARM.Collect$$libinit$$00000001  c_w.l(libinit2.o)
    0x000002f2   0x00000000   Code   RO           64    .ARM.Collect$$libinit$$00000008  c_w.l(libinit2.o)
    0x000002f2   0x00000000   Code   RO           66    .ARM.Collect$$libinit$$0000000A  c_w.l(libinit2.o)
    0x000002f2   0x00000000   Code   RO           68    .ARM.Collect$$libinit$$0000000C  c_w.l(libinit2.o)
    0x000002f2   0x00000000   Code   RO           71    .ARM.Collect$$libinit$$0000000F  c_w.l(libinit2.o)
    0x000002f2   0x00000000   Code   RO           73    .ARM.Collect$$libinit$$00000011  c_w.l(libinit2.o)
    0x000002f2   0x00000000   Code   RO           75    .ARM.Collect$$libinit$$00000013  c_w.l(libinit2.o)
    0x000002f2   0x00000000   Code   RO           77    .ARM.Collect$$libinit$$00000015  c_w.l(libinit2.o)
    0x000002f2   0x00000000   Code   RO           79    .ARM.Collect$$libinit$$00000017  c_w.l(libinit2.o)
    0x000002f2   0x00000000   Code   RO           81    .ARM.Collect$$libinit$$00000019  c_w.l(libinit2.o)
    0x000002f2   0x00000000   Code   RO           83    .ARM.Collect$$libinit$$0000001B  c_w.l(libinit2.o)
    0x000002f2   0x00000000   Code   RO           85    .ARM.Collect$$libinit$$0000001D  c_w.l(libinit2.o)
    0x000002f2   0x00000000   Code   RO           87    .ARM.Collect$$libinit$$0000001F  c_w.l(libinit2.o)
    0x000002f2   0x00000000   Code   RO           89    .ARM.Collect$$libinit$$00000021  c_w.l(libinit2.o)
    0x000002f2   0x00000000   Code   RO           91    .ARM.Collect$$libinit$$00000023  c_w.l(libinit2.o)
    0x000002f2   0x00000000   Code   RO           95    .ARM.Collect$$libinit$$0000002A  c_w.l(libinit2.o)
    0x000002f2   0x00000000   Code   RO           97    .ARM.Collect$$libinit$$0000002C  c_w.l(libinit2.o)
    0x000002f2   0x00000000   Code   RO           99    .ARM.Collect$$libinit$$0000002E  c_w.l(libinit2.o)
    0x000002f2   0x00000000   Code   RO          101    .ARM.Collect$$libinit$$00000030  c_w.l(libinit2.o)
    0x000002f2   0x00000002   Code   RO          102    .ARM.Collect$$libinit$$00000031  c_w.l(libinit2.o)
    0x000002f4   0x00000002   Code   RO          122    .ARM.Collect$$libshutdown$$00000000  c_w.l(libshutdown.o)
    0x000002f6   0x00000000   Code   RO          136    .ARM.Collect$$libshutdown$$00000003  c_w.l(libshutdown2.o)
    0x000002f6   0x00000000   Code   RO          139    .ARM.Collect$$libshutdown$$00000006  c_w.l(libshutdown2.o)
    0x000002f6   0x00000000   Code   RO          142    .ARM.Collect$$libshutdown$$00000009  c_w.l(libshutdown2.o)
    0x000002f6   0x00000000   Code   RO          144    .ARM.Collect$$libshutdown$$0000000B  c_w.l(libshutdown2.o)
    0x000002f6   0x00000000   Code   RO          147    .ARM.Collect$$libshutdown$$0000000E  c_w.l(libshutdown2.o)
    0x000002f6   0x00000002   Code   RO          148    .ARM.Collect$$libshutdown$$0000000F  c_w.l(libshutdown2.o)
    0x000002f8   0x00000000   Code   RO           29    .ARM.Collect$$rtentry$$00000000  c_w.l(rtentry.o)
    0x000002f8   0x00000000   Code   RO           31    .ARM.Collect$$rtentry$$00000002  c_w.l(rtentry2.o)
    0x000002f8   0x00000006   Code   RO           43    .ARM.Collect$$rtentry$$00000004  c_w.l(rtentry4.o)
    0x000002fe   0x00000000   Code   RO           33    .ARM.Collect$$rtentry$$00000009  c_w.l(rtentry2.o)
    0x000002fe   0x00000004   Code   RO           34    .ARM.Collect$$rtentry$$0000000A  c_w.l(rtentry2.o)
    0x00000302   0x00000000   Code   RO           36    .ARM.Collect$$rtentry$$0000000C  c_w.l(rtentry2.o)
    0x00000302   0x00000008   Code   RO           37    .ARM.Collect$$rtentry$$0000000D  c_w.l(rtentry2.o)
    0x0000030a   0x00000002   Code   RO           58    .ARM.Collect$$rtexit$$00000000  c_w.l(rtexit.o)
    0x0000030c   0x00000000   Code   RO          104    .ARM.Collect$$rtexit$$00000002  c_w.l(rtexit2.o)
    0x0000030c   0x00000004   Code   RO          105    .ARM.Collect$$rtexit$$00000003  c_w.l(rtexit2.o)
    0x00000310   0x00000006   Code   RO          106    .ARM.Collect$$rtexit$$00000004  c_w.l(rtexit2.o)
    0x00000316   0x00000002   PAD
    0x00000318   0x00000030   Code   RO            4    .text               startup_tm4c123.o
    0x00000348   0x000000d4   Code   RO           12    .text               lab4.o
    0x0000041c   0x0000004a   Code   RO           45    .text               c_w.l(sys_stackheap_outer.o)
    0x00000466   0x0000000c   Code   RO           47    .text               c_w.l(exit.o)
    0x00000472   0x00000002   PAD
    0x00000474   0x00000008   Code   RO           55    .text               c_w.l(libspace.o)
    0x0000047c   0x0000000c   Code   RO          114    .text               c_w.l(sys_exit.o)
    0x00000488   0x00000002   Code   RO          125    .text               c_w.l(use_no_semi.o)
    0x0000048a   0x00000000   Code   RO          127    .text               c_w.l(indicate_semi.o)
    0x0000048a   0x0000000a   Code   RO          112    x$fpl$fpinit        fz_wm.l(fpinit.o)
    0x00000494   0x00000010   Data   RO          179    Region$$Table       anon$$obj.o


    Execution Region ER_RW (Base: 0x20000000, Size: 0x00000000, Max: 0xffffffff, ABSOLUTE)

    **** No section assigned to this execution region ****


    Execution Region ER_ZI (Base: 0x20000000, Size: 0x00000460, Max: 0xffffffff, ABSOLUTE)

    Base Addr    Size         Type   Attr      Idx    E Section Name        Object

    0x20000000   0x00000060   Zero   RW           56    .bss                c_w.l(libspace.o)
    0x20000060   0x00000000   Zero   RW            2    HEAP                startup_tm4c123.o
    0x20000060   0x00000400   Zero   RW            1    STACK               startup_tm4c123.o


==============================================================================

Image component sizes


      Code (inc. data)   RO Data    RW Data    ZI Data      Debug   Object Name

       212         24          0          0          0       2258   lab4.o
       708        632          0          0       1024        952   startup_tm4c123.o

    ----------------------------------------------------------------------
       920        656         16          0       1024       3210   Object Totals
         0          0         16          0          0          0   (incl. Generated)
         0          0          0          0          0          0   (incl. Padding)

    ----------------------------------------------------------------------

      Code (inc. data)   RO Data    RW Data    ZI Data      Debug   Library Member Name

         8          0          0          0          0         68   __main.o
        52          8          0          0          0          0   __scatter.o
        28          0          0          0          0          0   __scatter_zi.o
        12          0          0          0          0         72   exit.o
         0          0          0          0          0          0   indicate_semi.o
         2          0          0          0          0          0   libinit.o
         6          0          0          0          0          0   libinit2.o
         2          0          0          0          0          0   libshutdown.o
         2          0          0          0          0          0   libshutdown2.o
         8          4          0          0         96         68   libspace.o
         0          0          0          0          0          0   rtentry.o
        12          0          0          0          0          0   rtentry2.o
         6          0          0          0          0          0   rtentry4.o
         2          0          0          0          0          0   rtexit.o
        10          0          0          0          0          0   rtexit2.o
        12          4          0          0          0         68   sys_exit.o
        74          0          0          0          0         80   sys_stackheap_outer.o
         2          0          0          0          0         68   use_no_semi.o
        10          0          0          0          0        116   fpinit.o

    ----------------------------------------------------------------------
       252         16          0          0         96        540   Library Totals
         4          0          0          0          0          0   (incl. Padding)

    ----------------------------------------------------------------------

      Code (inc. data)   RO Data    RW Data    ZI Data      Debug   Library Name

       238         16          0          0         96        424   c_w.l
        10          0          0          0          0        116   fz_wm.l

    ----------------------------------------------------------------------
       252         16          0          0         96        540   Library Totals

    ----------------------------------------------------------------------

==============================================================================


      Code (inc. data)   RO Data    RW Data    ZI Data      Debug   

      1172        672         16          0       1120       3442   Grand Totals
      1172        672         16          0       1120       3442   ELF Image Totals
      1172        672         16          0          0          0   ROM Totals

==============================================================================

    Total RO  Size (Code + RO Data)                 1188 (   1.16kB)
    Total RW  Size (RW Data + ZI Data)              1120 (   1.09kB)
    Total ROM Size (Code + RO Data + RW Data)       1188 (   1.16kB)

==============================================================================

